#
# A fatal error has been detected by the Java Runtime Environment:
#
#  EXCEPTION_ACCESS_VIOLATION (0xc0000005) at pc=0x00007ff89be1bf81, pid=13888, tid=1216
#
# JRE version: OpenJDK Runtime Environment Temurin-25.0.1+8 (25.0.1+8) (build 25.0.1+8-LTS)
# Java VM: OpenJDK 64-Bit Server VM Temurin-25.0.1+8 (25.0.1+8-LTS, mixed mode, sharing, tiered, compressed oops, compressed class ptrs, g1 gc, windows-amd64)
# Problematic frame:
# C  [awt.dll+0xdbf81]
#
# No core dump will be written. Minidumps are not enabled by default on client versions of Windows
#
# If you would like to submit a bug report, please visit:
#   https://github.com/adoptium/adoptium-support/issues
# The crash happened outside the Java Virtual Machine in native code.
# See problematic frame for where to report the bug.
#

---------------  S U M M A R Y ------------

Command Line: App.AppGUI

Host: AMD Athlon Silver 3050U with Radeon Graphics   , 2 cores, 9G,  Windows 11 , 64 bit Build 26100 (10.0.26100.7920)
Time: Sun Apr  5 23:31:02 2026 Afr. centrale Ouest elapsed time: 242.303267 seconds (0d 0h 4m 2s)

---------------  T H R E A D  ---------------

Current thread (0x0000023dc6898740):  JavaThread "AWT-Windows" daemon [_thread_in_native, id=1216, stack(0x0000006583800000,0x0000006583900000) (1024K)]

Stack: [0x0000006583800000,0x0000006583900000],  sp=0x00000065838fea00,  free space=1018k
Native frames: (J=compiled Java code, j=interpreted, Vv=VM code, C=native code)
C  [awt.dll+0xdbf81]  (no source info available)
C  [awt.dll+0x97c2c]  (no source info available)
C  [awt.dll+0x97cd6]  (no source info available)
C  [awt.dll+0x9507a]  (no source info available)
C  [awt.dll+0xe046c]  (no source info available)
C  [awt.dll+0xb11ed]  (no source info available)
C  [awt.dll+0x981fd]  (no source info available)
C  [USER32.dll+0xc396]  (no source info available)
C  [USER32.dll+0xbe5c]  (no source info available)
C  [awt.dll+0x16543]  (no source info available)
C  [COMCTL32.dll+0x2cec8]  (no source info available)
C  [COMCTL32.dll+0x2cc9f]  (no source info available)
C  [USER32.dll+0xc396]  (no source info available)
C  [USER32.dll+0xa7ed]  (no source info available)
C  [awt.dll+0xd565e]  (no source info available)
C  [awt.dll+0xd7452]  (no source info available)
C  0x0000023db93cd193  (no source info available)

The last pc belongs to native method entry point (kind = native) (printed below).
Java frames: (J=compiled Java code, j=interpreted, Vv=VM code)
j  sun.awt.windows.WToolkit.eventLoop()V+0 java.desktop@25.0.1
j  sun.awt.windows.WToolkit.run()V+56 java.desktop@25.0.1
j  java.lang.Thread.runWith(Ljava/lang/Object;Ljava/lang/Runnable;)V+5 java.base@25.0.1
j  java.lang.Thread.run()V+19 java.base@25.0.1
v  ~StubRoutines::call_stub 0x0000023db93c12ed

siginfo: EXCEPTION_ACCESS_VIOLATION (0xc0000005), reading address 0x0000000000000008


Registers:
RAX=0x0000000000000000, RBX=0x0000023dc6501130, RCX=0x0000000000000000, RDX=0x0000000000000000
RSP=0x00000065838fea00, RBP=0x00000065838feb19, RSI=0x0000000027010a35, RDI=0x0000000000000000
R8 =0x0000000000000001, R9 =0x0000006582066000, R10=0x0000000000000000, R11=0x0000000000000246
R12=0x0000000000000000, R13=0x0000000000000001, R14=0x0000023dc6d02e90, R15=0x0000000000000000
RIP=0x00007ff89be1bf81, EFLAGS=0x0000000000010246

XMM[0]=0x0000000000000000 0x0000000000000000
XMM[1]=0x0000000000000000 0x0000000000000000
XMM[2]=0x0000000000000000 0x0000000000000000
XMM[3]=0x0000000000000000 0x0000000000000000
XMM[4]=0x0000000000000000 0x0000000000000000
XMM[5]=0x0000000000000000 0x0000000000000000
XMM[6]=0x0000000000000000 0x0000000000000000
XMM[7]=0x0000000000000000 0x0000000000000000
XMM[8]=0x0000000000000000 0x0000000000000000
XMM[9]=0x0000000000000000 0x0000000000000000
XMM[10]=0x0000000000000000 0x0000000000000000
XMM[11]=0x0000000000000000 0x0000000000000000
XMM[12]=0x0000000000000000 0x0000000000000000
XMM[13]=0x0000000000000000 0x0000000000000000
XMM[14]=0x0000000000000000 0x0000000000000000
XMM[15]=0x0000000000000000 0x0000000000000000
  MXCSR=0x00001fa0


Register to memory mapping:

RAX=0x0 is null
RBX=0x0000023dc6501130 points into unknown readable memory: 0x0000023dd0aed780 | 80 d7 ae d0 3d 02 00 00
RCX=0x0 is null
RDX=0x0 is null
RSP=0x00000065838fea00 is pointing into the stack for thread: 0x0000023dc6898740
RBP=0x00000065838feb19 is pointing into the stack for thread: 0x0000023dc6898740
RSI=0x0000000027010a35 is pointing into metadata
RDI=0x0 is null
R8 =0x0000000000000001 is an unknown value
R9 =0x0000006582066000 points into unknown readable memory: 0x0000000000000000 | 00 00 00 00 00 00 00 00
R10=0x0 is null
R11=0x0000000000000246 is an unknown value
R12=0x0 is null
R13=0x0000000000000001 is an unknown value
R14=0x0000023dc6d02e90 points into unknown readable memory: 0x00007ff89be4b8e0 | e0 b8 e4 9b f8 7f 00 00
R15=0x0 is null

Top of Stack: (sp=0x00000065838fea00)
0x00000065838fea00:   00007ff89be79838 0000000027010a35   8.......5..'....
0x00000065838fea10:   0000023dc6d02e90 0000023dc6898b88   ....=.......=...
0x00000065838fea20:   0000000000000000 00007ff89bdd7c2c   ........,|......
0x00000065838fea30:   0000000027010a35 0000023dc6d02e90   5..'........=...
0x00000065838fea40:   0000023dc6501130 00007ff89bd56543   0.P.=...Ce......
0x00000065838fea50:   0000023dc6898b88 00007ff89bdd7cd6   ....=....|......
0x00000065838fea60:   0000023dc6d02f30 0000000000000001   0/..=...........
0x00000065838fea70:   0000000000000000 00000065838feb78   ........x...e...
0x00000065838fea80:   0000023dc6898b88 00007ff89bdd507a   ....=...zP......
0x00000065838fea90:   0000023dc6d02f30 00000065838feb74   0/..=...t...e...
0x00000065838feaa0:   0000000000000000 0000023dd096cdd0   ............=...
0x00000065838feab0:   00007ff89bdd81a0 00007ff92279a46e   ........n.y"....
0x00000065838feac0:   0000023dc6080600 00007ff920e3d359   ....=...Y.. ....
0x00000065838fead0:   0000006500000310 0000000000000000   ....e...........
0x00000065838feae0:   00000065838feb74 0000000000000000   t...e...........
0x00000065838feaf0:   0000000000000000 0000000000000000   ................
0x00000065838feb00:   0000023dc6d02f30 0000023dc6898b88   0/..=.......=...
0x00000065838feb10:   0000000000000000 0000000000000000   ................
0x00000065838feb20:   00007ad7a2ff6acf 0000000000000000   .j...z..........
0x00000065838feb30:   0000000000000000 0000000000000000   ................
0x00000065838feb40:   0000000000000000 0000000000000000   ................
0x00000065838feb50:   0000000000000000 0000000000000310   ................
0x00000065838feb60:   0000000000000000 0000023dc6d02e90   ............=...
0x00000065838feb70:   0000023dc6d02e90 00007ff89be2046c   ....=...l.......
0x00000065838feb80:   0000000000000000 00005c01746f6062   ........b`ot.\..
0x00000065838feb90:   00006a244a93497e 0000000000000022   ~I.J$j..".......
0x00000065838feba0:   000000000000c1f4 0000000000000000   ................
0x00000065838febb0:   0000000000000000 00007ff920e0c569   ........i.. ....
0x00000065838febc0:   0000000000000000 0000000000000001   ................
0x00000065838febd0:   0000000000000022 00007ff92278a6af   ".........x"....
0x00000065838febe0:   00000000000605e8 00007ff920e0d7ba   ........... ....
0x00000065838febf0:   ffffffffffffffeb 00007ad7a2ff6bdf   .........k...z..

Instructions: (pc=0x00007ff89be1bf81)
  0x00007ff89be1be81:   83 ec 28 66 0f 6e c2 0f 5b c0 f3 0f 59 41 48 0f
  0x00007ff89be1be91:   5a c8 f2 0f 10 05 5d 3d 03 00 f2 0f 5c 0d 95 3d
  0x00007ff89be1bea1:   01 00 66 0f 2f c1 76 0a b8 00 00 00 80 48 83 c4
  0x00007ff89be1beb1:   28 c3 66 0f 2f 0d 05 87 02 00 76 0a b8 ff ff ff
  0x00007ff89be1bec1:   7f 48 83 c4 28 c3 0f 28 c1 e8 5b ff 00 00 f2 0f
  0x00007ff89be1bed1:   2c c0 48 83 c4 28 c3 cc cc cc cc cc cc cc cc 48
  0x00007ff89be1bee1:   83 ec 28 66 0f 6e c2 0f 5b c0 f3 0f 59 41 4c 0f
  0x00007ff89be1bef1:   5a c8 f2 0f 10 05 fd 3c 03 00 f2 0f 5c 0d 35 3d
  0x00007ff89be1bf01:   01 00 66 0f 2f c1 76 0a b8 00 00 00 80 48 83 c4
  0x00007ff89be1bf11:   28 c3 66 0f 2f 0d a5 86 02 00 76 0a b8 ff ff ff
  0x00007ff89be1bf21:   7f 48 83 c4 28 c3 0f 28 c1 e8 fb fe 00 00 f2 0f
  0x00007ff89be1bf31:   2c c0 48 83 c4 28 c3 cc cc cc cc cc cc cc cc 48
  0x00007ff89be1bf41:   8b 49 08 48 85 c9 0f 85 43 82 fe ff 33 c0 c3 48
  0x00007ff89be1bf51:   89 5c 24 08 48 89 74 24 10 57 48 83 ec 20 8b fa
  0x00007ff89be1bf61:   48 8b f1 e8 b7 c2 f4 ff 48 8b d8 48 89 44 24 40
  0x00007ff89be1bf71:   41 b8 01 00 00 00 8b d7 48 8b c8 e8 0f c2 f4 ff
=>0x00007ff89be1bf81:   48 8b 48 08 48 85 c9 74 0d 48 8b d6 e8 fe 81 fe
  0x00007ff89be1bf91:   ff 48 8b f8 eb 02 33 ff 48 8b cb e8 3f c4 f4 ff
  0x00007ff89be1bfa1:   90 48 8b c7 48 8b 5c 24 30 48 8b 74 24 38 48 83
  0x00007ff89be1bfb1:   c4 20 5f c3 cc cc cc cc cc cc cc cc cc cc cc 48
  0x00007ff89be1bfc1:   8b 01 89 10 c3 cc cc cc cc cc cc cc cc cc cc 40
  0x00007ff89be1bfd1:   57 48 83 ec 40 48 83 79 38 00 48 8b f9 0f 84 98
  0x00007ff89be1bfe1:   01 00 00 48 8b 0d f5 9e 06 00 ba 02 00 01 00 48
  0x00007ff89be1bff1:   89 5c 24 58 48 89 74 24 68 e8 d0 c6 00 00 4c 8b
  0x00007ff89be1c001:   05 82 a4 06 00 48 8b c8 48 8b 57 38 48 8b d8 4c
  0x00007ff89be1c011:   8b 08 41 ff 91 f8 02 00 00 48 8b f0 48 85 c0 0f
  0x00007ff89be1c021:   84 4c 01 00 00 4c 8b 0b 48 8b d0 4c 8b 05 45 a4
  0x00007ff89be1c031:   06 00 48 8b cb 41 ff 91 00 01 00 00 84 c0 0f 84
  0x00007ff89be1c041:   2d 01 00 00 48 8b 7f 08 48 8b d6 48 8b 03 48 8b
  0x00007ff89be1c051:   cb 4c 8b 05 37 a4 06 00 48 81 c7 00 04 00 00 48
  0x00007ff89be1c061:   89 6c 24 60 4c 89 7c 24 20 ff 90 f8 02 00 00 4c
  0x00007ff89be1c071:   8b 0b 48 8b d6 4c 8b 05 1b a4 06 00 48 8b cb 4c


Stack slot to memory mapping:

stack at sp + 0 slots: 0x00007ff89be79838 awt.dll
stack at sp + 1 slots: 0x0000000027010a35 is pointing into metadata
stack at sp + 2 slots: 0x0000023dc6d02e90 points into unknown readable memory: 0x00007ff89be4b8e0 | e0 b8 e4 9b f8 7f 00 00
stack at sp + 3 slots: 0x0000023dc6898b88 points into unknown readable memory: 0x00007ff88ae6dd70 | 70 dd e6 8a f8 7f 00 00
stack at sp + 4 slots: 0x0 is null
stack at sp + 5 slots: 0x00007ff89bdd7c2c awt.dll
stack at sp + 6 slots: 0x0000000027010a35 is pointing into metadata
stack at sp + 7 slots: 0x0000023dc6d02e90 points into unknown readable memory: 0x00007ff89be4b8e0 | e0 b8 e4 9b f8 7f 00 00

Lock stack of current Java thread (top to bottom):

native method entry point (kind = native)  [0x0000023db93ccdc0, 0x0000023db93cd8b8]  2808 bytes
[MachCode]
  0x0000023db93ccdc0: 488b 4b08 | 0fb7 492e | 584c 8d74 | ccf8 6800 | 0000 0068 | 0000 0000 | 5055 488b | ec41 5548 
  0x0000023db93ccde0: 8b43 084c | 8d68 3848 | 8b40 0868 | 0000 0000 | 5348 8b50 | 1848 8b52 | 7048 8b12 | 5248 8b53 
  0x0000023db93cce00: 1048 85d2 | 7407 4881 | c2d0 0000 | 0052 488b | 5010 5249 | 8bc6 482b | c548 c1e8 | 0350 6800 
  0x0000023db93cce20: 0000 0068 | f7ff ffff | 41c6 87f1 | 0400 0001 | 488b 4310 | 4885 c074 | 208b 8890 | 0000 0083 
  0x0000023db93cce40: c102 8988 | 9000 0000 | 2388 a400 | 0000 0f84 | b209 0000 | e9cf 0000 | 0048 8b43 | 1848 85c0 
  0x0000023db93cce60: 0f85 b000 | 0000 e805 | 0000 00e9 | 9900 0000 | 488b d348 | 8d44 2408 | 4c89 6dc0 | 498b cfc5 
  0x0000023db93cce80: f877 4989 | af38 0400 | 0049 8987 | 2804 0000 | 4883 ec20 | 40f6 c40f | 0f84 1900 | 0000 4883 
  0x0000023db93ccea0: ec08 48b8 | 602c 548a | f87f 0000 | ffd0 4883 | c408 e90c | 0000 0048 | b860 2c54 | 8af8 7f00 
  0x0000023db93ccec0: 00ff d048 | 83c4 2049 | c787 2804 | 0000 0000 | 0000 49c7 | 8738 0400 | 0000 0000 | 0049 c787 
  0x0000023db93ccee0: 3004 0000 | 0000 0000 | c5f8 7749 | 837f 0800 | 0f84 0500 | 0000 e9e5 | 42ff ff4c | 8b6d c04c 
  0x0000023db93ccf00: 8b75 c84e | 8d74 f500 | c348 8b43 | 1848 85c0 | 0f84 1200 | 0000 8b48 | 0883 c102 | 8948 0823 
  0x0000023db93ccf20: 482c 0f84 | de08 0000 | 493b a770 | 0500 000f | 8748 0000 | 0089 8424 | 00f0 ffff | 8984 2400 
  0x0000023db93ccf40: e0ff ff89 | 8424 00d0 | ffff 8984 | 2400 c0ff | ff89 8424 | 00b0 ffff | 8984 2400 | a0ff ff89 
  0x0000023db93ccf60: 8424 0090 | ffff 8984 | 2400 80ff | ff49 3ba7 | 6805 0000 | 7607 4989 | a770 0500 | 0041 c687 
  0x0000023db93ccf80: f104 0000 | 0048 8b5d | e84c 8b5b | 0845 0fb7 | 5b2e 41c1 | e303 492b | e348 83ec | 2048 83e4 
  0x0000023db93ccfa0: f04c 8b5b | 604d 85db | 0f85 ab00 | 0000 e805 | 0000 00e9 | 9900 0000 | 488b d348 | 8d44 2408 
  0x0000023db93ccfc0: 4c89 6dc0 | 498b cfc5 | f877 4989 | af38 0400 | 0049 8987 | 2804 0000 | 4883 ec20 | 40f6 c40f 
  0x0000023db93ccfe0: 0f84 1900 | 0000 4883 | ec08 48b8 | 9055 548a | f87f 0000 | ffd0 4883 | c408 e90c | 0000 0048 
  0x0000023db93cd000: b890 5554 | 8af8 7f00 | 00ff d048 | 83c4 2049 | c787 2804 | 0000 0000 | 0000 49c7 | 8738 0400 
  0x0000023db93cd020: 0000 0000 | 0049 c787 | 3004 0000 | 0000 0000 | c5f8 7749 | 837f 0800 | 0f84 0500 | 0000 e99d 
  0x0000023db93cd040: 41ff ff4c | 8b6d c04c | 8b75 c84e | 8d74 f500 | c348 8b5d | e84c 8b5b | 6041 ffd3 | 488b 5de8 
  0x0000023db93cd060: 4889 4518 | 440f b75b | 2c41 f6c3 | 080f 841b | 0000 004c | 8b5b 084d | 8b5b 084d | 8b5b 184d 
  0x0000023db93cd080: 8b5b 704d | 8b1b 4c89 | 5d10 488d | 5510 488b | 4358 49ba | e026 8f8a | f87f 0000 | 493b c20f 
  0x0000023db93cd0a0: 85ab 0000 | 00e8 0500 | 0000 e999 | 0000 0048 | 8bd3 488d | 4424 084c | 896d c049 | 8bcf c5f8 
  0x0000023db93cd0c0: 7749 89af | 3804 0000 | 4989 8728 | 0400 0048 | 83ec 2040 | f6c4 0f0f | 8419 0000 | 0048 83ec 
  0x0000023db93cd0e0: 0848 b890 | 5554 8af8 | 7f00 00ff | d048 83c4 | 08e9 0c00 | 0000 48b8 | 9055 548a | f87f 0000 
  0x0000023db93cd100: ffd0 4883 | c420 49c7 | 8728 0400 | 0000 0000 | 0049 c787 | 3804 0000 | 0000 0000 | 49c7 8730 
  0x0000023db93cd120: 0400 0000 | 0000 00c5 | f877 4983 | 7f08 000f | 8405 0000 | 00e9 a640 | ffff 4c8b | 6dc0 4c8b 
  0x0000023db93cd140: 75c8 4e8d | 74f5 00c3 | 488b 5de8 | 488b 4358 | 498d 8f48 | 0400 004c | 8d15 d500 | 0000 4d89 
  0x0000023db93cd160: 9730 0400 | 00c5 f877 | 4989 af38 | 0400 0049 | 89a7 2804 | 0000 41c7 | 87d4 0400 | 0004 0000 
  0x0000023db93cd180: 0049 3ba7 | c805 0000 | 7607 4989 | a7c8 0500 | 00ff d049 | 3ba7 c805 | 0000 720b | 49c7 87c8 
  0x0000023db93cd1a0: 0500 0000 | 0000 00c5 | f877 4883 | ec10 c5fb | 1104 2448 | 83ec 1048 | 8904 2448 | c744 2408 
  0x0000023db93cd1c0: 0000 0000 | 41c7 87d4 | 0400 0005 | 0000 00f0 | 8344 24c0 | 0049 3b6f | 280f 870e | 0000 0041 
  0x0000023db93cd1e0: 83bf d004 | 0000 000f | 8420 0000 | 0049 8bcf | 4c8b e448 | 83ec 2048 | 83e4 f048 | b810 bc55 
  0x0000023db93cd200: 8af8 7f00 | 00ff d049 | 8be4 4d33 | e441 c787 | d404 0000 | 0800 0000 | 4d8b 97f0 | 0500 0049 
  0x0000023db93cd220: 83fa 0074 | 3549 c787 | f005 0000 | 0000 0000 | 41ff e249 | ba60 be3c | b93d 0200 | 0041 ffd2 
  0x0000023db93cd240: 4883 ec10 | c5fb 1104 | 2448 83ec | 1048 8904 | 2448 c744 | 2408 0000 | 0000 49c7 | 8728 0400 
  0x0000023db93cd260: 0000 0000 | 0049 c787 | 3804 0000 | 0000 0000 | 49c7 8730 | 0400 0000 | 0000 00c5 | f877 4d8b 
  0x0000023db93cd280: 9fb8 0400 | 0041 c783 | 0001 0000 | 0000 0000 | 49bb 5aa7 | 3cb9 3d02 | 0000 4c3b | 5d18 0f85 
  0x0000023db93cd2a0: 5501 0000 | 488b 0424 | 4883 c410 | 4885 c00f | 842f 0100 | 00a8 030f | 8508 0000 | 0048 8b00 
  0x0000023db93cd2c0: e91f 0100 | 00a8 010f | 8509 0000 | 0048 8b40 | fee9 0e01 | 0000 488b | 40ff 4180 | 7f48 000f 
  0x0000023db93cd2e0: 84ff 0000 | 0048 83f8 | 000f 84f5 | 0000 004d | 8b5f 384d | 85db 0f84 | 1400 0000 | 4983 eb08 
  0x0000023db93cd300: 4d89 5f38 | 4d03 5f40 | 4989 03e9 | d400 0000 | 4883 ec70 | 4889 0424 | 4889 4c24 | 0848 8954 
  0x0000023db93cd320: 2410 4c89 | 4424 184c | 894c 2420 | 4c89 5424 | 284c 895c | 2430 c5fb | 1144 2440 | c5fb 114c 
  0x0000023db93cd340: 2448 c5fb | 1154 2450 | c5fb 115c | 2458 c5fb | 1164 2460 | c5fb 116c | 2468 498b | d748 8bc8 
  0x0000023db93cd360: 4883 ec20 | 40f6 c40f | 0f84 1900 | 0000 4883 | ec08 48b8 | e080 488a | f87f 0000 | ffd0 4883 
  0x0000023db93cd380: c408 e90c | 0000 0048 | b8e0 8048 | 8af8 7f00 | 00ff d048 | 83c4 20c5 | fb10 6c24 | 68c5 fb10 
  0x0000023db93cd3a0: 6424 60c5 | fb10 5c24 | 58c5 fb10 | 5424 50c5 | fb10 4c24 | 48c5 fb10 | 4424 404c | 8b5c 2430 
  0x0000023db93cd3c0: 4c8b 5424 | 284c 8b4c | 2420 4c8b | 4424 1848 | 8b54 2410 | 488b 4c24 | 0848 8b04 | 2448 83c4 
  0x0000023db93cd3e0: 70c5 f877 | 4889 4510 | 4883 ec10 | 4889 0424 | 48c7 4424 | 0800 0000 | 0041 83bf | 5005 0000 
  0x0000023db93cd400: 020f 85bf | 0000 0048 | 81ec 8000 | 0000 4889 | 4424 7848 | 894c 2470 | 4889 5424 | 6848 895c 
  0x0000023db93cd420: 2460 4889 | 6c24 5048 | 8974 2448 | 4889 7c24 | 404c 8944 | 2438 4c89 | 4c24 304c | 8954 2428 
  0x0000023db93cd440: 4c89 5c24 | 204c 8964 | 2418 4c89 | 6c24 104c | 8974 2408 | 4c89 3c24 | 4c8b e448 | 83ec 2048 
  0x0000023db93cd460: 83e4 f048 | b850 0e8f | 8af8 7f00 | 00ff d049 | 8be4 4c8b | 3c24 4c8b | 7424 084c | 8b6c 2410 
  0x0000023db93cd480: 4c8b 6424 | 184c 8b5c | 2420 4c8b | 5424 284c | 8b4c 2430 | 4c8b 4424 | 3848 8b7c | 2440 488b 
  0x0000023db93cd4a0: 7424 4848 | 8b6c 2450 | 488b 5c24 | 6048 8b54 | 2468 488b | 4c24 7048 | 8b44 2478 | 4881 c480 
  0x0000023db93cd4c0: 0000 004d | 33e4 488b | 5de8 4c8b | 6b08 4d8d | 6d38 4983 | 7f08 000f | 84bb 0000 | 00e8 0500 
  0x0000023db93cd4e0: 0000 e996 | 0000 0048 | 8d44 2408 | 4c89 6dc0 | 498b cfc5 | f877 4989 | af38 0400 | 0049 8987 
  0x0000023db93cd500: 2804 0000 | 4883 ec20 | 40f6 c40f | 0f84 1900 | 0000 4883 | ec08 48b8 | d073 548a | f87f 0000 
  0x0000023db93cd520: ffd0 4883 | c408 e90c | 0000 0048 | b8d0 7354 | 8af8 7f00 | 00ff d048 | 83c4 2049 | c787 2804 
  0x0000023db93cd540: 0000 0000 | 0000 49c7 | 8738 0400 | 0000 0000 | 0049 c787 | 3004 0000 | 0000 0000 | c5f8 7749 
  0x0000023db93cd560: 837f 0800 | 0f84 0500 | 0000 e971 | 3cff ff4c | 8b6d c04c | 8b75 c84e | 8d74 f500 | c348 b940 
  0x0000023db93cd580: 00c1 8af8 | 7f00 0048 | 83e4 f048 | b8c0 897b | 8af8 7f00 | 00ff d0f4 | 440f b75b | 2c41 f6c3 
  0x0000023db93cd5a0: 200f 8472 | 0100 0048 | 8d55 a84c | 8b5a 084d | 85db 0f85 | bb00 0000 | e805 0000 | 00e9 9600 
  0x0000023db93cd5c0: 0000 488d | 4424 084c | 896d c049 | 8bcf c5f8 | 7749 89af | 3804 0000 | 4989 8728 | 0400 0048 
  0x0000023db93cd5e0: 83ec 2040 | f6c4 0f0f | 8419 0000 | 0048 83ec | 0848 b800 | 7354 8af8 | 7f00 00ff | d048 83c4 
  0x0000023db93cd600: 08e9 0c00 | 0000 48b8 | 0073 548a | f87f 0000 | ffd0 4883 | c420 49c7 | 8728 0400 | 0000 0000 
  0x0000023db93cd620: 0049 c787 | 3804 0000 | 0000 0000 | 49c7 8730 | 0400 0000 | 0000 00c5 | f877 4983 | 7f08 000f 
  0x0000023db93cd640: 8405 0000 | 00e9 963b | ffff 4c8b | 6dc0 4c8b | 75c8 4e8d | 74f5 00c3 | 48b9 4000 | c18a f87f 
  0x0000023db93cd660: 0000 4883 | e4f0 48b8 | c089 7b8a | f87f 0000 | ffd0 f44c | 896d c04c | 8b4a 0848 | c742 0800 
  0x0000023db93cd680: 0000 0045 | 8b87 d806 | 0000 4f3b | 4c07 f80f | 8542 0000 | 0041 83af | d806 0000 | 084f 3b4c 
  0x0000023db93cd6a0: 07f0 0f84 | 2a00 0000 | 498b 01a8 | 020f 8512 | 0000 004c | 8bc0 4983 | c801 f04d | 0fb1 010f 
  0x0000023db93cd6c0: 840d 0000 | 0041 8387 | d806 0000 | 08e9 0500 | 0000 e93e | 0000 004c | 894a 0848 | 8bca 4883 
  0x0000023db93cd6e0: ec20 40f6 | c40f 0f84 | 1900 0000 | 4883 ec08 | 48b8 5045 | 548a f87f | 0000 ffd0 | 4883 c408 
  0x0000023db93cd700: e90c 0000 | 0048 b850 | 4554 8af8 | 7f00 00ff | d048 83c4 | 204c 8b6d | c041 c687 | 9603 0000 
  0x0000023db93cd720: 0149 3b6f | 280f 8705 | 0000 00e9 | ab00 0000 | 4883 ec10 | c5fb 1104 | 2448 83ec | 1048 8904 
  0x0000023db93cd740: 2448 c744 | 2408 0000 | 0000 c5f8 | 7749 89af | 3804 0000 | 49ba 4ad7 | 3cb9 3d02 | 0000 4d89 
  0x0000023db93cd760: 9730 0400 | 0049 89a7 | 2804 0000 | 498b cf48 | 83ec 2040 | f6c4 0f0f | 8419 0000 | 0048 83ec 
  0x0000023db93cd780: 0848 b8f0 | 2b54 8af8 | 7f00 00ff | d048 83c4 | 08e9 0c00 | 0000 48b8 | f02b 548a | f87f 0000 
  0x0000023db93cd7a0: ffd0 4883 | c420 49c7 | 8728 0400 | 0000 0000 | 0049 c787 | 3804 0000 | 0000 0000 | 49c7 8730 
  0x0000023db93cd7c0: 0400 0000 | 0000 00c5 | f877 488b | 0424 4883 | c410 c5fb | 1004 2448 | 83c4 1048 | 8b04 2448 
  0x0000023db93cd7e0: 83c4 10c5 | fb10 0424 | 4883 c410 | 4c8b 5d18 | 41ff d34c | 8b5d f8c9 | 41c6 8796 | 0300 0000 
  0x0000023db93cd800: 5f49 8be3 | ffe7 ba00 | 0000 00e8 | 0500 0000 | e996 0000 | 0048 8d44 | 2408 4c89 | 6dc0 498b 
  0x0000023db93cd820: cfc5 f877 | 4989 af38 | 0400 0049 | 8987 2804 | 0000 4883 | ec20 40f6 | c40f 0f84 | 1900 0000 
  0x0000023db93cd840: 4883 ec08 | 48b8 403b | 548a f87f | 0000 ffd0 | 4883 c408 | e90c 0000 | 0048 b840 | 3b54 8af8 
  0x0000023db93cd860: 7f00 00ff | d048 83c4 | 2049 c787 | 2804 0000 | 0000 0000 | 49c7 8738 | 0400 0000 | 0000 0049 
  0x0000023db93cd880: c787 3004 | 0000 0000 | 0000 c5f8 | 7749 837f | 0800 0f84 | 0500 0000 | e943 39ff | ff4c 8b6d 
  0x0000023db93cd8a0: c04c 8b75 | c84e 8d74 | f500 c348 | 8b5d e8e9 | 74f6 ffff | 0f1f 4000 
[/MachCode]

---------------  P R O C E S S  ---------------

Threads class SMR info:
_java_thread_list=0x0000023dd0061390, length=17, elements={
0x0000023da945d870, 0x0000023da945e430, 0x0000023dc6141d10, 0x0000023dc61431a0,
0x0000023dc61441e0, 0x0000023dc6144da0, 0x0000023dc6145c90, 0x0000023dc6150b10,
0x0000023dc61c0d90, 0x0000023dc61f3d90, 0x0000023dc6894e80, 0x0000023dc6895ad0,
0x0000023dc6898740, 0x0000023dc69ce3a0, 0x0000023da702d210, 0x0000023dc6e0fe40,
0x0000023dd07e8210
}

Java Threads: ( => current thread )
  0x0000023da945d870 JavaThread "Reference Handler"          daemon [_thread_blocked, id=1540, stack(0x0000006582c00000,0x0000006582d00000) (1024K)]
  0x0000023da945e430 JavaThread "Finalizer"                  daemon [_thread_blocked, id=1996, stack(0x0000006582d00000,0x0000006582e00000) (1024K)]
  0x0000023dc6141d10 JavaThread "Signal Dispatcher"          daemon [_thread_blocked, id=12904, stack(0x0000006582e00000,0x0000006582f00000) (1024K)]
  0x0000023dc61431a0 JavaThread "Attach Listener"            daemon [_thread_blocked, id=15312, stack(0x0000006582f00000,0x0000006583000000) (1024K)]
  0x0000023dc61441e0 JavaThread "Service Thread"             daemon [_thread_blocked, id=2020, stack(0x0000006583000000,0x0000006583100000) (1024K)]
  0x0000023dc6144da0 JavaThread "Monitor Deflation Thread"   daemon [_thread_blocked, id=13712, stack(0x0000006583100000,0x0000006583200000) (1024K)]
  0x0000023dc6145c90 JavaThread "C2 CompilerThread0"         daemon [_thread_blocked, id=2824, stack(0x0000006583200000,0x0000006583300000) (1024K)]
  0x0000023dc6150b10 JavaThread "C1 CompilerThread0"         daemon [_thread_blocked, id=12684, stack(0x0000006583300000,0x0000006583400000) (1024K)]
  0x0000023dc61c0d90 JavaThread "Notification Thread"        daemon [_thread_blocked, id=7656, stack(0x0000006583400000,0x0000006583500000) (1024K)]
  0x0000023dc61f3d90 JavaThread "Common-Cleaner"             daemon [_thread_blocked, id=10436, stack(0x0000006583500000,0x0000006583600000) (1024K)]
  0x0000023dc6894e80 JavaThread "Java2D Disposer"            daemon [_thread_blocked, id=2744, stack(0x0000006583600000,0x0000006583700000) (1024K)]
  0x0000023dc6895ad0 JavaThread "AWT-Shutdown"                      [_thread_blocked, id=3992, stack(0x0000006583700000,0x0000006583800000) (1024K)]
=>0x0000023dc6898740 JavaThread "AWT-Windows"                daemon [_thread_in_native, id=1216, stack(0x0000006583800000,0x0000006583900000) (1024K)]
  0x0000023dc69ce3a0 JavaThread "AWT-EventQueue-0"                  [_thread_in_native, id=7608, stack(0x0000006583900000,0x0000006583a00000) (1024K)]
  0x0000023da702d210 JavaThread "DestroyJavaVM"                     [_thread_blocked, id=9152, stack(0x0000006582400000,0x0000006582500000) (1024K)]
  0x0000023dc6e0fe40 JavaThread "TimerQueue"                 daemon [_thread_blocked, id=3692, stack(0x0000006584100000,0x0000006584200000) (1024K)]
  0x0000023dd07e8210 JavaThread "D3D Screen Updater"         daemon [_thread_in_native, id=10308, stack(0x0000006584300000,0x0000006584400000) (1024K)]
Total: 17

Other Threads:
  0x0000023da94468b0 VMThread "VM Thread"                           [id=14584, stack(0x0000006582b00000,0x0000006582c00000) (1024K)]
  0x0000023dc613da20 WatcherThread "VM Periodic Task Thread"        [id=12680, stack(0x0000006582a00000,0x0000006582b00000) (1024K)]
  0x0000023da93e7510 WorkerThread "GC Thread#0"                     [id=12424, stack(0x0000006582500000,0x0000006582600000) (1024K)]
  0x0000023dc6cc2de0 WorkerThread "GC Thread#1"                     [id=7564, stack(0x0000006584000000,0x0000006584100000) (1024K)]
  0x0000023da93f7460 ConcurrentGCThread "G1 Main Marker"            [id=15280, stack(0x0000006582600000,0x0000006582700000) (1024K)]
  0x0000023da93f9300 WorkerThread "G1 Conc#0"                       [id=15216, stack(0x0000006582700000,0x0000006582800000) (1024K)]
  0x0000023da941bec0 ConcurrentGCThread "G1 Refine#0"               [id=15352, stack(0x0000006582800000,0x0000006582900000) (1024K)]
  0x0000023da941c980 ConcurrentGCThread "G1 Service"                [id=15272, stack(0x0000006582900000,0x0000006582a00000) (1024K)]
Total: 8

Threads with active compile tasks:
Total: 0

VM state: not at safepoint (normal execution)

VM Mutex/Monitor currently owned by a thread: None

Heap address: 0x0000000761e00000, size: 2530 MB, Compressed Oops mode: Zero based, Oop shift amount: 3

CDS archive(s) mapped at: [0x000000001b000000-0x000000001bdd0000-0x000000001bdd0000), size 14483456, SharedBaseAddress: 0x000000001b000000, ArchiveRelocationMode: 1.
Compressed class space mapped at: 0x000000001c000000-0x000000005c000000, reserved size: 1073741824
UseCompressedClassPointers 1, UseCompactObjectHeaders 0
Narrow klass pointer bits 32, Max shift 3
Narrow klass base: 0x000000001b000000, Narrow klass shift: 0
Encoding Range: [0x000000001b000000 - 0x000000011b000000), (4294967296 bytes)
Klass Range:    [0x000000001b010000 - 0x000000005c000000), (1090453504 bytes)
Klass ID Range:  [65536 - 1090519033) (1090453497)
Protection zone: [0x000000001b000000 - 0x000000001b010000), (65536 bytes)

GC Precious Log:
 CardTable entry size: 512
 Card Set container configuration: InlinePtr #cards 4 size 8 Array Of Cards #cards 16 size 48 Howl #buckets 8 coarsen threshold 3686 Howl Bitmap #cards 512 size 80 coarsen threshold 460 Card regions per heap region 1 cards per card region 4096
 CPUs: 2 total, 2 available
 Memory: 10116M
 Large Page Support: Disabled
 NUMA Support: Disabled
 Compressed Oops: Enabled (Zero based)
 Heap Region Size: 2M
 Heap Min Capacity: 8M
 Heap Initial Capacity: 160M
 Heap Max Capacity: 2530M
 Pre-touch: Disabled
 Parallel Workers: 2
 Concurrent Workers: 1
 Concurrent Refinement Workers: 2
 Periodic GC: Disabled

Heap:
 garbage-first heap   total reserved 2590720K, committed 165888K, used 73634K [0x0000000761e00000, 0x0000000800000000)
  region size 2048K, 17 young (34816K), 4 survivors (8192K)

Heap Regions: E=young(eden), S=young(survivor), O=old, HS=humongous(starts), HC=humongous(continues), CS=collection set, F=free, TAMS=top-at-mark-start, PB=parsable bottom
|   0|0x0000000761e00000, 0x0000000762000000, 0x0000000762000000|100%|HS|  |TAMS 0x0000000761e00000| PB 0x0000000761e00000| Complete |  0
|   1|0x0000000762000000, 0x0000000762200000, 0x0000000762200000|100%|HC|  |TAMS 0x0000000762000000| PB 0x0000000762000000| Complete |  0
|   2|0x0000000762200000, 0x0000000762400000, 0x0000000762400000|100%|HC|  |TAMS 0x0000000762200000| PB 0x0000000762200000| Complete |  0
|   3|0x0000000762400000, 0x0000000762600000, 0x0000000762600000|100%|HC|  |TAMS 0x0000000762400000| PB 0x0000000762400000| Complete |  0
|   4|0x0000000762600000, 0x0000000762800000, 0x0000000762800000|100%|HS|  |TAMS 0x0000000762600000| PB 0x0000000762600000| Complete |  0
|   5|0x0000000762800000, 0x0000000762a00000, 0x0000000762a00000|100%|HC|  |TAMS 0x0000000762800000| PB 0x0000000762800000| Complete |  0
|   6|0x0000000762a00000, 0x0000000762c00000, 0x0000000762c00000|100%|HC|  |TAMS 0x0000000762a00000| PB 0x0000000762a00000| Complete |  0
|   7|0x0000000762c00000, 0x0000000762e00000, 0x0000000762e00000|100%|HC|  |TAMS 0x0000000762c00000| PB 0x0000000762c00000| Complete |  0
|   8|0x0000000762e00000, 0x0000000763000000, 0x0000000763000000|100%|HS|  |TAMS 0x0000000762e00000| PB 0x0000000762e00000| Complete |  0
|   9|0x0000000763000000, 0x0000000763200000, 0x0000000763200000|100%|HC|  |TAMS 0x0000000763000000| PB 0x0000000763000000| Complete |  0
|  10|0x0000000763200000, 0x0000000763400000, 0x0000000763400000|100%|HC|  |TAMS 0x0000000763200000| PB 0x0000000763200000| Complete |  0
|  11|0x0000000763400000, 0x0000000763600000, 0x0000000763600000|100%|HC|  |TAMS 0x0000000763400000| PB 0x0000000763400000| Complete |  0
|  12|0x0000000763600000, 0x0000000763800000, 0x0000000763800000|100%|HS|  |TAMS 0x0000000763600000| PB 0x0000000763600000| Complete |  0
|  13|0x0000000763800000, 0x0000000763a00000, 0x0000000763a00000|100%|HC|  |TAMS 0x0000000763800000| PB 0x0000000763800000| Complete |  0
|  14|0x0000000763a00000, 0x0000000763c00000, 0x0000000763c00000|100%|HC|  |TAMS 0x0000000763a00000| PB 0x0000000763a00000| Complete |  0
|  15|0x0000000763c00000, 0x0000000763e00000, 0x0000000763e00000|100%|HC|  |TAMS 0x0000000763c00000| PB 0x0000000763c00000| Complete |  0
|  16|0x0000000763e00000, 0x0000000764000000, 0x0000000764000000|100%|HS|  |TAMS 0x0000000763e00000| PB 0x0000000763e00000| Complete |  0
|  17|0x0000000764000000, 0x0000000764200000, 0x0000000764200000|100%|HC|  |TAMS 0x0000000764000000| PB 0x0000000764000000| Complete |  0
|  18|0x0000000764200000, 0x0000000764400000, 0x0000000764400000|100%|HC|  |TAMS 0x0000000764200000| PB 0x0000000764200000| Complete |  0
|  19|0x0000000764400000, 0x0000000764600000, 0x0000000764600000|100%|HC|  |TAMS 0x0000000764400000| PB 0x0000000764400000| Complete |  0
|  20|0x0000000764600000, 0x0000000764600000, 0x0000000764800000|  0%| F|  |TAMS 0x0000000764600000| PB 0x0000000764600000| Untracked |  0
|  21|0x0000000764800000, 0x0000000764800000, 0x0000000764a00000|  0%| F|  |TAMS 0x0000000764800000| PB 0x0000000764800000| Untracked |  0
|  22|0x0000000764a00000, 0x0000000764a00000, 0x0000000764c00000|  0%| F|  |TAMS 0x0000000764a00000| PB 0x0000000764a00000| Untracked |  0
|  23|0x0000000764c00000, 0x0000000764c00000, 0x0000000764e00000|  0%| F|  |TAMS 0x0000000764c00000| PB 0x0000000764c00000| Untracked |  0
|  24|0x0000000764e00000, 0x0000000764e00000, 0x0000000765000000|  0%| F|  |TAMS 0x0000000764e00000| PB 0x0000000764e00000| Untracked |  0
|  25|0x0000000765000000, 0x0000000765000000, 0x0000000765200000|  0%| F|  |TAMS 0x0000000765000000| PB 0x0000000765000000| Untracked |  0
|  26|0x0000000765200000, 0x0000000765200000, 0x0000000765400000|  0%| F|  |TAMS 0x0000000765200000| PB 0x0000000765200000| Untracked |  0
|  27|0x0000000765400000, 0x0000000765400000, 0x0000000765600000|  0%| F|  |TAMS 0x0000000765400000| PB 0x0000000765400000| Untracked |  0
|  28|0x0000000765600000, 0x00000007656c3c50, 0x0000000765800000| 38%| S|CS|TAMS 0x0000000765600000| PB 0x0000000765600000| Complete |  0
|  29|0x0000000765800000, 0x0000000765a00000, 0x0000000765a00000|100%| S|CS|TAMS 0x0000000765800000| PB 0x0000000765800000| Complete |  0
|  30|0x0000000765a00000, 0x0000000765c00000, 0x0000000765c00000|100%| S|CS|TAMS 0x0000000765a00000| PB 0x0000000765a00000| Complete |  0
|  31|0x0000000765c00000, 0x0000000765e00000, 0x0000000765e00000|100%| S|CS|TAMS 0x0000000765c00000| PB 0x0000000765c00000| Complete |  0
|  32|0x0000000765e00000, 0x0000000765e00000, 0x0000000766000000|  0%| F|  |TAMS 0x0000000765e00000| PB 0x0000000765e00000| Untracked |  0
|  33|0x0000000766000000, 0x0000000766000000, 0x0000000766200000|  0%| F|  |TAMS 0x0000000766000000| PB 0x0000000766000000| Untracked |  0
|  34|0x0000000766200000, 0x0000000766200000, 0x0000000766400000|  0%| F|  |TAMS 0x0000000766200000| PB 0x0000000766200000| Untracked |  0
|  35|0x0000000766400000, 0x0000000766400000, 0x0000000766600000|  0%| F|  |TAMS 0x0000000766400000| PB 0x0000000766400000| Untracked |  0
|  36|0x0000000766600000, 0x0000000766600000, 0x0000000766800000|  0%| F|  |TAMS 0x0000000766600000| PB 0x0000000766600000| Untracked |  0
|  37|0x0000000766800000, 0x0000000766800000, 0x0000000766a00000|  0%| F|  |TAMS 0x0000000766800000| PB 0x0000000766800000| Untracked |  0
|  38|0x0000000766a00000, 0x0000000766a00000, 0x0000000766c00000|  0%| F|  |TAMS 0x0000000766a00000| PB 0x0000000766a00000| Untracked |  0
|  39|0x0000000766c00000, 0x0000000766c00000, 0x0000000766e00000|  0%| F|  |TAMS 0x0000000766c00000| PB 0x0000000766c00000| Untracked |  0
|  40|0x0000000766e00000, 0x0000000766e00000, 0x0000000767000000|  0%| F|  |TAMS 0x0000000766e00000| PB 0x0000000766e00000| Untracked |  0
|  41|0x0000000767000000, 0x0000000767000000, 0x0000000767200000|  0%| F|  |TAMS 0x0000000767000000| PB 0x0000000767000000| Untracked |  0
|  42|0x0000000767200000, 0x0000000767200000, 0x0000000767400000|  0%| F|  |TAMS 0x0000000767200000| PB 0x0000000767200000| Untracked |  0
|  43|0x0000000767400000, 0x0000000767400000, 0x0000000767600000|  0%| F|  |TAMS 0x0000000767400000| PB 0x0000000767400000| Untracked |  0
|  44|0x0000000767600000, 0x0000000767600000, 0x0000000767800000|  0%| F|  |TAMS 0x0000000767600000| PB 0x0000000767600000| Untracked |  0
|  45|0x0000000767800000, 0x0000000767800000, 0x0000000767a00000|  0%| F|  |TAMS 0x0000000767800000| PB 0x0000000767800000| Untracked |  0
|  46|0x0000000767a00000, 0x0000000767a00000, 0x0000000767c00000|  0%| F|  |TAMS 0x0000000767a00000| PB 0x0000000767a00000| Untracked |  0
|  47|0x0000000767c00000, 0x0000000767c00000, 0x0000000767e00000|  0%| F|  |TAMS 0x0000000767c00000| PB 0x0000000767c00000| Untracked |  0
|  48|0x0000000767e00000, 0x0000000767e00000, 0x0000000768000000|  0%| F|  |TAMS 0x0000000767e00000| PB 0x0000000767e00000| Untracked |  0
|  49|0x0000000768000000, 0x0000000768000000, 0x0000000768200000|  0%| F|  |TAMS 0x0000000768000000| PB 0x0000000768000000| Untracked |  0
|  50|0x0000000768200000, 0x0000000768200000, 0x0000000768400000|  0%| F|  |TAMS 0x0000000768200000| PB 0x0000000768200000| Untracked |  0
|  51|0x0000000768400000, 0x0000000768400000, 0x0000000768600000|  0%| F|  |TAMS 0x0000000768400000| PB 0x0000000768400000| Untracked |  0
|  52|0x0000000768600000, 0x0000000768600000, 0x0000000768800000|  0%| F|  |TAMS 0x0000000768600000| PB 0x0000000768600000| Untracked |  0
|  53|0x0000000768800000, 0x0000000768800000, 0x0000000768a00000|  0%| F|  |TAMS 0x0000000768800000| PB 0x0000000768800000| Untracked |  0
|  54|0x0000000768a00000, 0x0000000768a00000, 0x0000000768c00000|  0%| F|  |TAMS 0x0000000768a00000| PB 0x0000000768a00000| Untracked |  0
|  55|0x0000000768c00000, 0x0000000768c00000, 0x0000000768e00000|  0%| F|  |TAMS 0x0000000768c00000| PB 0x0000000768c00000| Untracked |  0
|  56|0x0000000768e00000, 0x0000000768e00000, 0x0000000769000000|  0%| F|  |TAMS 0x0000000768e00000| PB 0x0000000768e00000| Untracked |  0
|  57|0x0000000769000000, 0x0000000769000000, 0x0000000769200000|  0%| F|  |TAMS 0x0000000769000000| PB 0x0000000769000000| Untracked |  0
|  58|0x0000000769200000, 0x0000000769200000, 0x0000000769400000|  0%| F|  |TAMS 0x0000000769200000| PB 0x0000000769200000| Untracked |  0
|  59|0x0000000769400000, 0x0000000769400000, 0x0000000769600000|  0%| F|  |TAMS 0x0000000769400000| PB 0x0000000769400000| Untracked |  0
|  60|0x0000000769600000, 0x0000000769600000, 0x0000000769800000|  0%| F|  |TAMS 0x0000000769600000| PB 0x0000000769600000| Untracked |  0
|  61|0x0000000769800000, 0x0000000769800000, 0x0000000769a00000|  0%| F|  |TAMS 0x0000000769800000| PB 0x0000000769800000| Untracked |  0
|  62|0x0000000769a00000, 0x0000000769a00000, 0x0000000769c00000|  0%| F|  |TAMS 0x0000000769a00000| PB 0x0000000769a00000| Untracked |  0
|  63|0x0000000769c00000, 0x0000000769c00000, 0x0000000769e00000|  0%| F|  |TAMS 0x0000000769c00000| PB 0x0000000769c00000| Untracked |  0
|  64|0x0000000769e00000, 0x0000000769e00000, 0x000000076a000000|  0%| F|  |TAMS 0x0000000769e00000| PB 0x0000000769e00000| Untracked |  0
|  65|0x000000076a000000, 0x000000076a000000, 0x000000076a200000|  0%| F|  |TAMS 0x000000076a000000| PB 0x000000076a000000| Untracked |  0
|  66|0x000000076a200000, 0x000000076a200000, 0x000000076a400000|  0%| F|  |TAMS 0x000000076a200000| PB 0x000000076a200000| Untracked |  0
|  67|0x000000076a400000, 0x000000076a600000, 0x000000076a600000|100%| E|  |TAMS 0x000000076a400000| PB 0x000000076a400000| Complete |  0
|  68|0x000000076a600000, 0x000000076a800000, 0x000000076a800000|100%| E|CS|TAMS 0x000000076a600000| PB 0x000000076a600000| Complete |  0
|  69|0x000000076a800000, 0x000000076aa00000, 0x000000076aa00000|100%| E|CS|TAMS 0x000000076a800000| PB 0x000000076a800000| Complete |  0
|  70|0x000000076aa00000, 0x000000076ac00000, 0x000000076ac00000|100%| E|CS|TAMS 0x000000076aa00000| PB 0x000000076aa00000| Complete |  0
|  71|0x000000076ac00000, 0x000000076ae00000, 0x000000076ae00000|100%| E|CS|TAMS 0x000000076ac00000| PB 0x000000076ac00000| Complete |  0
|  72|0x000000076ae00000, 0x000000076b000000, 0x000000076b000000|100%| E|CS|TAMS 0x000000076ae00000| PB 0x000000076ae00000| Complete |  0
|  73|0x000000076b000000, 0x000000076b200000, 0x000000076b200000|100%| E|CS|TAMS 0x000000076b000000| PB 0x000000076b000000| Complete |  0
|  74|0x000000076b200000, 0x000000076b400000, 0x000000076b400000|100%| E|CS|TAMS 0x000000076b200000| PB 0x000000076b200000| Complete |  0
|  75|0x000000076b400000, 0x000000076b600000, 0x000000076b600000|100%| E|CS|TAMS 0x000000076b400000| PB 0x000000076b400000| Complete |  0
|  76|0x000000076b600000, 0x000000076b800000, 0x000000076b800000|100%| E|CS|TAMS 0x000000076b600000| PB 0x000000076b600000| Complete |  0
|  77|0x000000076b800000, 0x000000076ba00000, 0x000000076ba00000|100%| E|CS|TAMS 0x000000076b800000| PB 0x000000076b800000| Complete |  0
|  78|0x000000076ba00000, 0x000000076bc00000, 0x000000076bc00000|100%| E|CS|TAMS 0x000000076ba00000| PB 0x000000076ba00000| Complete |  0
|  79|0x000000076bc00000, 0x000000076be00000, 0x000000076be00000|100%| E|CS|TAMS 0x000000076bc00000| PB 0x000000076bc00000| Complete |  0
|1264|0x00000007ffe00000, 0x00000007fff24ea8, 0x0000000800000000| 57%| O|  |TAMS 0x00000007ffe00000| PB 0x00000007ffe00000| Untracked |  0

Card table byte_map: [0x0000023dc1390000,0x0000023dc1890000] _byte_map_base: 0x0000023dbd881000

Marking Bits: (CMBitMap*) 0x0000023da93e7ca0
 Bits: [0x0000023dc1890000, 0x0000023dc4018000)

Polling page: 0x0000023da7430000

Metaspace:
Metaspace        used 18593K, committed 19072K, reserved 1114112K
 class space     used 1893K, committed 2112K, reserved 1048576K

Usage:
  Non-class:     16.31 MB used.
      Class:      1.85 MB used.
       Both:     18.16 MB used.

Virtual space:
  Non-class space:       64.00 MB reserved,      16.56 MB ( 26%) committed,  1 nodes.
      Class space:        1.00 GB reserved,       2.06 MB ( <1%) committed,  1 nodes.
             Both:        1.06 GB reserved,      18.62 MB (  2%) committed. 

Chunk freelists:
   Non-Class:  14.97 MB
       Class:  13.98 MB
        Both:  28.95 MB

MaxMetaspaceSize: unlimited
CompressedClassSpaceSize: 1.00 GB
Initial GC threshold: 21.00 MB
Current GC threshold: 21.00 MB
CDS: on
 - commit_granule_bytes: 65536.
 - commit_granule_words: 8192.
 - virtual_space_node_default_size: 8388608.
 - enlarge_chunks_in_place: 1.
UseCompressedClassPointers 1, UseCompactObjectHeaders 0
Narrow klass pointer bits 32, Max shift 3
Narrow klass base: 0x000000001b000000, Narrow klass shift: 0
Encoding Range: [0x000000001b000000 - 0x000000011b000000), (4294967296 bytes)
Klass Range:    [0x000000001b010000 - 0x000000005c000000), (1090453504 bytes)
Klass ID Range:  [65536 - 1090519033) (1090453497)
Protection zone: [0x000000001b000000 - 0x000000001b010000), (65536 bytes)


Internal statistics:

num_allocs_failed_limit: 0.
num_arena_births: 512.
num_arena_deaths: 0.
num_vsnodes_births: 2.
num_vsnodes_deaths: 0.
num_space_committed: 298.
num_space_uncommitted: 0.
num_chunks_returned_to_freelist: 0.
num_chunks_taken_from_freelist: 656.
num_chunk_merges: 0.
num_chunk_splits: 423.
num_chunks_enlarged: 230.
num_inconsistent_stats: 0.

CodeHeap 'non-profiled nmethods': size=120128Kb used=2857Kb max_used=2857Kb free=117271Kb
 bounds [0x0000023db9940000, 0x0000023db9c10000, 0x0000023dc0e90000]
CodeHeap 'profiled nmethods': size=120000Kb used=8797Kb max_used=8797Kb free=111202Kb
 bounds [0x0000023db1e90000, 0x0000023db2730000, 0x0000023db93c0000]
CodeHeap 'non-nmethods': size=5632Kb used=1733Kb max_used=1871Kb free=3898Kb
 bounds [0x0000023db93c0000, 0x0000023db9630000, 0x0000023db9940000]
CodeCache: size=245760Kb, used=13387Kb, max_used=13525Kb, free=232371Kb
 total_blobs=6363, nmethods=5498, adapters=755, full_count=0
Compilation: enabled, stopped_count=0, restarted_count=0

Compilation events (20 events):
Event: 241.493 Thread 0x0000023dc6145c90 5492       4       sun.java2d.pipe.BufferedContext::validate (575 bytes)
Event: 241.518 Thread 0x0000023dc6145c90 nmethod 5492 0x0000023db9c06708 code [0x0000023db9c06800, 0x0000023db9c08718]
Event: 241.526 Thread 0x0000023dc6150b10 5493       1       java.awt.AWTKeyStroke::getKeyChar (5 bytes)
Event: 241.526 Thread 0x0000023dc6150b10 nmethod 5493 0x0000023db9c08788 code [0x0000023db9c08880, 0x0000023db9c08950]
Event: 241.526 Thread 0x0000023dc6150b10 5494   !   3       java.awt.DefaultKeyboardFocusManager::pumpApprovedKeyEvents (130 bytes)
Event: 241.527 Thread 0x0000023dc6150b10 nmethod 5494 0x0000023db271ea08 code [0x0000023db271eb00, 0x0000023db271fb38]
Event: 241.527 Thread 0x0000023dc6150b10 5497       3       java.awt.KeyboardFocusManager::getDefaultFocusTraversalKeys (27 bytes)
Event: 241.527 Thread 0x0000023dc6150b10 nmethod 5497 0x0000023db271fb88 code [0x0000023db271fc80, 0x0000023db271fee0]
Event: 241.527 Thread 0x0000023dc6150b10 5495       3       java.awt.Window::getFocusTraversalKeys (52 bytes)
Event: 241.527 Thread 0x0000023dc6150b10 nmethod 5495 0x0000023db271ff08 code [0x0000023db2720000, 0x0000023db27205f8]
Event: 241.527 Thread 0x0000023dc6150b10 5499       3       javax.swing.JComponent$IntVector::elementAt (7 bytes)
Event: 241.527 Thread 0x0000023dc6150b10 nmethod 5499 0x0000023db2720608 code [0x0000023db2720700, 0x0000023db2720838]
Event: 241.528 Thread 0x0000023dc6150b10 5496       3       javax.swing.text.JTextComponent$DefaultKeymap::getAction (36 bytes)
Event: 241.528 Thread 0x0000023dc6150b10 nmethod 5496 0x0000023db2720908 code [0x0000023db2720a00, 0x0000023db2720dc0]
Event: 241.528 Thread 0x0000023dc6150b10 5501       3       java.awt.Component::canBeFocusOwner (32 bytes)
Event: 241.528 Thread 0x0000023dc6150b10 nmethod 5501 0x0000023db2720e08 code [0x0000023db2720f00, 0x0000023db2721530]
Event: 241.528 Thread 0x0000023dc6150b10 5500       1       javax.swing.SwingUtilities::isValidKeyEventForKeyBindings (2 bytes)
Event: 241.528 Thread 0x0000023dc6150b10 nmethod 5500 0x0000023db9c08d88 code [0x0000023db9c08e80, 0x0000023db9c08f28]
Event: 242.237 Thread 0x0000023dc6145c90 5502       4       java.util.ArrayList::toArray (57 bytes)
Event: 242.244 Thread 0x0000023dc6145c90 nmethod 5502 0x0000023db9c09088 code [0x0000023db9c09180, 0x0000023db9c09840]

GC Heap Usage History (6 events):
Event: 0.714 {heap Before GC invocations=0 (full 0):
 garbage-first heap   total reserved 2590720K, committed 165888K, used 15507K [0x0000000761e00000, 0x0000000800000000)
  region size 2048K, 7 young (14336K), 0 survivors (0K)
}
Event: 0.721 {heap After GC invocations=1 (full 0):
 garbage-first heap   total reserved 2590720K, committed 165888K, used 3021K [0x0000000761e00000, 0x0000000800000000)
  region size 2048K, 1 young (2048K), 1 survivors (2048K)
}
Event: 43.221 {heap Before GC invocations=1 (full 0):
 garbage-first heap   total reserved 2590720K, committed 165888K, used 70605K [0x0000000761e00000, 0x0000000800000000)
  region size 2048K, 35 young (71680K), 1 survivors (2048K)
}
Event: 43.240 {heap After GC invocations=2 (full 0):
 garbage-first heap   total reserved 2590720K, committed 165888K, used 6088K [0x0000000761e00000, 0x0000000800000000)
  region size 2048K, 3 young (6144K), 3 survivors (6144K)
}
Event: 133.195 {heap Before GC invocations=2 (full 0):
 garbage-first heap   total reserved 2590720K, committed 165888K, used 106440K [0x0000000761e00000, 0x0000000800000000)
  region size 2048K, 48 young (98304K), 3 survivors (6144K)
}
Event: 133.216 {heap After GC invocations=3 (full 0):
 garbage-first heap   total reserved 2590720K, committed 165888K, used 16290K [0x0000000761e00000, 0x0000000800000000)
  region size 2048K, 4 young (8192K), 4 survivors (8192K)
}

Metaspace Usage History (6 events):
Event: 0.714 {metaspace Before GC invocations=0 (full 0):
 Metaspace       used 9433K, committed 9728K, reserved 1114112K
  class space    used 933K, committed 1088K, reserved 1048576K
}
Event: 0.721 {metaspace After GC invocations=1 (full 0):
 Metaspace       used 9433K, committed 9728K, reserved 1114112K
  class space    used 933K, committed 1088K, reserved 1048576K
}
Event: 43.221 {metaspace Before GC invocations=1 (full 0):
 Metaspace       used 16391K, committed 16832K, reserved 1114112K
  class space    used 1688K, committed 1856K, reserved 1048576K
}
Event: 43.240 {metaspace After GC invocations=2 (full 0):
 Metaspace       used 16391K, committed 16832K, reserved 1114112K
  class space    used 1688K, committed 1856K, reserved 1048576K
}
Event: 133.195 {metaspace Before GC invocations=2 (full 0):
 Metaspace       used 18497K, committed 19008K, reserved 1114112K
  class space    used 1885K, committed 2112K, reserved 1048576K
}
Event: 133.216 {metaspace After GC invocations=3 (full 0):
 Metaspace       used 18497K, committed 19008K, reserved 1114112K
  class space    used 1885K, committed 2112K, reserved 1048576K
}

Dll operation events (10 events):
Event: 0.013 Loaded shared library C:\Program Files\Eclipse Adoptium\jdk-25.0.1.8-hotspot\bin\java.dll
Event: 0.084 Loaded shared library C:\Program Files\Eclipse Adoptium\jdk-25.0.1.8-hotspot\bin\jimage.dll
Event: 0.090 Loaded shared library C:\Program Files\Eclipse Adoptium\jdk-25.0.1.8-hotspot\bin\awt.dll
Event: 0.239 Loaded shared library C:\Program Files\Eclipse Adoptium\jdk-25.0.1.8-hotspot\bin\freetype.dll
Event: 0.241 Loaded shared library C:\Program Files\Eclipse Adoptium\jdk-25.0.1.8-hotspot\bin\fontmanager.dll
Event: 0.479 Loaded shared library C:\Program Files\Eclipse Adoptium\jdk-25.0.1.8-hotspot\bin\net.dll
Event: 0.482 Loaded shared library C:\Program Files\Eclipse Adoptium\jdk-25.0.1.8-hotspot\bin\nio.dll
Event: 0.521 Loaded shared library C:\Windows\System32\ucrtbase.dll
Event: 0.524 Loaded shared library C:\Program Files\Eclipse Adoptium\jdk-25.0.1.8-hotspot\bin\syslookup.dll
Event: 2.769 Loaded shared library C:\Program Files\Eclipse Adoptium\jdk-25.0.1.8-hotspot\bin\zip.dll

Deoptimization events (20 events):
Event: 241.477 Thread 0x0000023dc69ce3a0 Uncommon trap: trap_request=0xffffff45 fr.pc=0x0000023db9b91940 relative=0x00000000000000c0
Event: 241.477 Thread 0x0000023dc69ce3a0 Uncommon trap: reason=unstable_if action=reinterpret pc=0x0000023db9b91940 method=javax.swing.SwingUtilities.computeIntersection(IIIILjava/awt/Rectangle;)Ljava/awt/Rectangle; @ 34 c2
Event: 241.477 Thread 0x0000023dc69ce3a0 DEOPT PACKING pc=0x0000023db9b91940 sp=0x00000065839ff000
Event: 241.477 Thread 0x0000023dc69ce3a0 DEOPT UNPACKING pc=0x0000023db94e2a02 sp=0x00000065839fef60 mode 2
Event: 241.481 Thread 0x0000023dc69ce3a0 Uncommon trap: trap_request=0xffffffc6 fr.pc=0x0000023db9a93d8c relative=0x000000000000008c
Event: 241.481 Thread 0x0000023dc69ce3a0 Uncommon trap: reason=bimorphic_or_optimized_type_check action=maybe_recompile pc=0x0000023db9a93d8c method=java.awt.Color.getAlpha()I @ 1 c2
Event: 241.481 Thread 0x0000023dc69ce3a0 DEOPT PACKING pc=0x0000023db9a93d8c sp=0x00000065839fe570
Event: 241.481 Thread 0x0000023dc69ce3a0 DEOPT UNPACKING pc=0x0000023db94e2a02 sp=0x00000065839fe490 mode 2
Event: 241.534 Thread 0x0000023dc69ce3a0 Uncommon trap: trap_request=0xffffffc6 fr.pc=0x0000023db9a93d8c relative=0x000000000000008c
Event: 241.534 Thread 0x0000023dc69ce3a0 Uncommon trap: reason=bimorphic_or_optimized_type_check action=maybe_recompile pc=0x0000023db9a93d8c method=java.awt.Color.getAlpha()I @ 1 c2
Event: 241.534 Thread 0x0000023dc69ce3a0 DEOPT PACKING pc=0x0000023db9a93d8c sp=0x00000065839fe570
Event: 241.534 Thread 0x0000023dc69ce3a0 DEOPT UNPACKING pc=0x0000023db94e2a02 sp=0x00000065839fe490 mode 2
Event: 242.283 Thread 0x0000023dc69ce3a0 Uncommon trap: trap_request=0xffffff95 fr.pc=0x0000023db9ad20f0 relative=0x0000000000000bf0
Event: 242.283 Thread 0x0000023dc69ce3a0 Uncommon trap: reason=unreached action=reinterpret pc=0x0000023db9ad20f0 method=sun.java2d.pipe.AAShapePipe.renderPath(Lsun/java2d/SunGraphics2D;Ljava/awt/Shape;Ljava/awt/BasicStroke;)V @ 104 c2
Event: 242.284 Thread 0x0000023dc69ce3a0 DEOPT PACKING pc=0x0000023db9ad20f0 sp=0x00000065839fdbd0
Event: 242.284 Thread 0x0000023dc69ce3a0 DEOPT UNPACKING pc=0x0000023db94e2a02 sp=0x00000065839fda28 mode 2
Event: 242.284 Thread 0x0000023dc69ce3a0 Uncommon trap: trap_request=0xffffff95 fr.pc=0x0000023db9bc4b64 relative=0x0000000000002044
Event: 242.284 Thread 0x0000023dc69ce3a0 Uncommon trap: reason=unreached action=reinterpret pc=0x0000023db9bc4b64 method=sun.java2d.SunGraphics2D.drawRoundRect(IIIIII)V @ 29 c2
Event: 242.284 Thread 0x0000023dc69ce3a0 DEOPT PACKING pc=0x0000023db9bc4b64 sp=0x00000065839fdc50
Event: 242.284 Thread 0x0000023dc69ce3a0 DEOPT UNPACKING pc=0x0000023db94e2a02 sp=0x00000065839fdb98 mode 2

Classes loaded (20 events):
Event: 121.741 Loading class javax/swing/plaf/basic/BasicOptionPaneUI$Actions
Event: 121.741 Loading class javax/swing/plaf/basic/BasicOptionPaneUI$Actions done
Event: 121.741 Loading class com/sun/java/swing/plaf/windows/WindowsLookAndFeel$AudioAction
Event: 121.741 Loading class com/sun/java/swing/plaf/windows/WindowsLookAndFeel$AudioAction done
Event: 121.759 Loading class javax/swing/JOptionPane$1
Event: 121.759 Loading class javax/swing/JOptionPane$1 done
Event: 121.759 Loading class javax/swing/JOptionPane$2
Event: 121.759 Loading class javax/swing/JOptionPane$2 done
Event: 121.759 Loading class javax/swing/JOptionPane$3
Event: 121.759 Loading class javax/swing/JOptionPane$3 done
Event: 121.800 Loading class sun/awt/image/MultiResolutionToolkitImage$ObserverCache
Event: 121.800 Loading class sun/awt/image/MultiResolutionToolkitImage$ObserverCache done
Event: 129.825 Loading class java/awt/image/BufferedImageOp
Event: 129.826 Loading class java/awt/image/BufferedImageOp done
Event: 227.793 Loading class java/awt/Canvas
Event: 227.793 Loading class java/awt/Canvas done
Event: 227.794 Loading class java/awt/Scrollbar
Event: 227.794 Loading class java/awt/Scrollbar done
Event: 241.452 Loading class javax/swing/RepaintManager$DisplayChangedRunnable
Event: 241.452 Loading class javax/swing/RepaintManager$DisplayChangedRunnable done

Classes unloaded (0 events):
No events

Classes redefined (0 events):
No events

Internal exceptions (20 events):
Event: 2.491 Thread 0x0000023dc69ce3a0 Exception <a 'java/lang/NullPointerException'{0x000000076b8d6c38}> (0x000000076b8d6c38) 
thrown [s\src\hotspot\share\interpreter\linkResolver.cpp, line 1416]
Event: 2.521 Thread 0x0000023dc69ce3a0 Exception <a 'java/lang/ClassNotFoundException'{0x000000076b9ce0a0}: com/sun/java/swing/plaf/windows/resources/spi/windowsProvider> (0x000000076b9ce0a0) 
thrown [s\src\hotspot\share\classfile\systemDictionary.cpp, line 327]
Event: 2.526 Thread 0x0000023dc69ce3a0 Exception <a 'java/lang/NoSuchMethodError'{0x000000076b9dc7a0}: 'java.lang.Object java.lang.invoke.DirectMethodHandle$Holder.invokeStatic(java.lang.Object, java.lang.Object, int, java.lang.Object)'> (0x000000076b9dc7a0) 
thrown [s\src\hotspot\share\interpreter\linkResolver.cpp, line 804]
Event: 2.527 Thread 0x0000023dc69ce3a0 Exception <a 'java/lang/NoSuchMethodError'{0x000000076b9ec170}: 'java.lang.Object java.lang.invoke.DirectMethodHandle$Holder.newInvokeSpecial(java.lang.Object, java.lang.Object, int)'> (0x000000076b9ec170) 
thrown [s\src\hotspot\share\interpreter\linkResolver.cpp, line 804]
Event: 2.873 Thread 0x0000023dc69ce3a0 Exception <a 'java/lang/NoSuchMethodError'{0x000000076b2c6e20}: 'java.lang.Object java.lang.invoke.DirectMethodHandle$Holder.newInvokeSpecial(java.lang.Object, java.lang.Object, java.lang.Object, java.lang.Object, java.lang.Object, java.lang.Object, java.lang.Object)'> (0x000000076b2c6e20) 
thrown [s\src\hotspot\share\interpreter\linkResolver.cpp, line 804]
Event: 3.052 Thread 0x0000023dc69ce3a0 Exception <a 'java/io/FileNotFoundException'{0x000000076b04c1a8}> (0x000000076b04c1a8) 
thrown [s\src\hotspot\share\prims\jni.cpp, line 516]
Event: 3.130 Thread 0x0000023dc69ce3a0 Exception <a 'java/io/FileNotFoundException'{0x000000076b06bbb8}> (0x000000076b06bbb8) 
thrown [s\src\hotspot\share\prims\jni.cpp, line 516]
Event: 3.312 Thread 0x0000023dc69ce3a0 Exception <a 'java/io/FileNotFoundException'{0x000000076b1072c8}> (0x000000076b1072c8) 
thrown [s\src\hotspot\share\prims\jni.cpp, line 516]
Event: 3.330 Thread 0x0000023dc69ce3a0 Exception <a 'java/io/FileNotFoundException'{0x000000076b128898}> (0x000000076b128898) 
thrown [s\src\hotspot\share\prims\jni.cpp, line 516]
Event: 43.241 Thread 0x0000023dc69ce3a0 Implicit null exception at 0x0000023db9a0e70e to 0x0000023db9a0fa50
Event: 81.774 Thread 0x0000023dc69ce3a0 Exception <a 'java/lang/NoSuchMethodError'{0x0000000768835bf8}: 'void java.lang.invoke.DirectMethodHandle$Holder.invokeSpecial(java.lang.Object, java.lang.Object, int, java.lang.Object)'> (0x0000000768835bf8) 
thrown [s\src\hotspot\share\interpreter\linkResolver.cpp, line 804]
Event: 84.558 Thread 0x0000023dc69ce3a0 Implicit null exception at 0x0000023db9a429ce to 0x0000023db9a42a74
Event: 84.558 Thread 0x0000023dc69ce3a0 Implicit null exception at 0x0000023db99dbdbc to 0x0000023db99dbe78
Event: 84.563 Thread 0x0000023dc69ce3a0 Exception <a 'java/lang/NoSuchMethodError'{0x00000007688a5950}: 'long java.lang.invoke.DelegatingMethodHandle$Holder.reinvoke_L(java.lang.Object, java.lang.Object, java.lang.Object, long)'> (0x00000007688a5950) 
thrown [s\src\hotspot\share\interpreter\linkResolver.cpp, line 804]
Event: 84.590 Thread 0x0000023dc69ce3a0 Implicit null exception at 0x0000023db99c8d2e to 0x0000023db99c8db9
Event: 84.609 Thread 0x0000023dc69ce3a0 Implicit null exception at 0x0000023db9a550b0 to 0x0000023db9a55150
Event: 84.708 Thread 0x0000023dc69ce3a0 Exception <a 'java/lang/NoSuchMethodError'{0x0000000768629410}: 'void java.lang.invoke.DirectMethodHandle$Holder.invokeStatic(java.lang.Object, java.lang.Object, java.lang.Object)'> (0x0000000768629410) 
thrown [s\src\hotspot\share\interpreter\linkResolver.cpp, line 804]
Event: 84.731 Thread 0x0000023dc69ce3a0 Exception <a 'java/lang/NoSuchMethodError'{0x000000076865fe98}: 'int java.lang.invoke.DirectMethodHandle$Holder.invokeStatic(java.lang.Object)'> (0x000000076865fe98) 
thrown [s\src\hotspot\share\interpreter\linkResolver.cpp, line 804]
Event: 96.761 Thread 0x0000023dc69ce3a0 Implicit null exception at 0x0000023db9a775e0 to 0x0000023db9a7768b
Event: 121.694 Thread 0x0000023dc69ce3a0 Implicit null exception at 0x0000023db9b400eb to 0x0000023db9b40c3c

VM Operations (20 events):
Event: 84.661 Executing non-safepoint VM operation: HandshakeAllThreads (Deoptimize)
Event: 84.661 Executing non-safepoint VM operation: HandshakeAllThreads (Deoptimize) done
Event: 94.651 Executing non-safepoint VM operation: HandshakeAllThreads (Deoptimize)
Event: 94.651 Executing non-safepoint VM operation: HandshakeAllThreads (Deoptimize) done
Event: 120.269 Executing non-safepoint VM operation: HandshakeAllThreads (HandshakeForDeflation)
Event: 120.269 Executing non-safepoint VM operation: HandshakeAllThreads (HandshakeForDeflation) done
Event: 120.269 Executing non-safepoint VM operation: RendezvousGCThreads
Event: 120.269 Executing non-safepoint VM operation: RendezvousGCThreads done
Event: 121.677 Executing non-safepoint VM operation: HandshakeAllThreads (Deoptimize)
Event: 121.677 Executing non-safepoint VM operation: HandshakeAllThreads (Deoptimize) done
Event: 133.195 Executing safepoint VM operation: G1CollectForAllocation (G1 Evacuation Pause)
Event: 133.216 Executing safepoint VM operation: G1CollectForAllocation (G1 Evacuation Pause) done
Event: 180.506 Executing non-safepoint VM operation: HandshakeAllThreads (HandshakeForDeflation)
Event: 180.506 Executing non-safepoint VM operation: HandshakeAllThreads (HandshakeForDeflation) done
Event: 180.506 Executing non-safepoint VM operation: RendezvousGCThreads
Event: 180.506 Executing non-safepoint VM operation: RendezvousGCThreads done
Event: 240.619 Executing non-safepoint VM operation: HandshakeAllThreads (HandshakeForDeflation)
Event: 240.619 Executing non-safepoint VM operation: HandshakeAllThreads (HandshakeForDeflation) done
Event: 240.619 Executing non-safepoint VM operation: RendezvousGCThreads
Event: 240.619 Executing non-safepoint VM operation: RendezvousGCThreads done

Memory protections (0 events):
No events

Nmethod flushes (0 events):
No events

Events (19 events):
Event: 0.031 Thread 0x0000023da702d210 Thread added: 0x0000023da702d210
Event: 0.045 Thread 0x0000023da702d210 Thread added: 0x0000023da945d870
Event: 0.045 Thread 0x0000023da702d210 Thread added: 0x0000023da945e430
Event: 0.046 Thread 0x0000023da702d210 Thread added: 0x0000023dc6141d10
Event: 0.046 Thread 0x0000023da702d210 Thread added: 0x0000023dc61431a0
Event: 0.046 Thread 0x0000023da702d210 Thread added: 0x0000023dc61441e0
Event: 0.046 Thread 0x0000023da702d210 Thread added: 0x0000023dc6144da0
Event: 0.046 Thread 0x0000023da702d210 Thread added: 0x0000023dc6145c90
Event: 0.046 Thread 0x0000023da702d210 Thread added: 0x0000023dc6150b10
Event: 0.050 Thread 0x0000023da702d210 Thread added: 0x0000023dc61c0d90
Event: 0.053 Thread 0x0000023da702d210 Thread added: 0x0000023dc61f3d90
Event: 0.137 Thread 0x0000023da702d210 Thread added: 0x0000023dc6894e80
Event: 0.138 Thread 0x0000023da702d210 Thread added: 0x0000023dc6895ad0
Event: 0.139 Thread 0x0000023da702d210 Thread added: 0x0000023dc6898740
Event: 0.327 Thread 0x0000023da702d210 Thread added: 0x0000023dc69ce3a0
Event: 0.328 Thread 0x0000023da702d210 Thread exited: 0x0000023da702d210
Event: 0.328 Thread 0x0000023da702d210 Thread added: 0x0000023da702d210
Event: 2.547 Thread 0x0000023dc69ce3a0 Thread added: 0x0000023dc6e0fe40
Event: 3.666 Thread 0x0000023dc69ce3a0 Thread added: 0x0000023dd07e8210


Dynamic libraries:
0x00007ff75c910000 - 0x00007ff75c91e000 	C:\Program Files\Eclipse Adoptium\jdk-25.0.1.8-hotspot\bin\java.exe
0x00007ff922780000 - 0x00007ff9229e7000 	C:\WINDOWS\SYSTEM32\ntdll.dll
0x00007ff9205b0000 - 0x00007ff920679000 	C:\WINDOWS\System32\KERNEL32.DLL
0x00007ff91f390000 - 0x00007ff91f781000 	C:\WINDOWS\System32\KERNELBASE.dll
0x00007ff920320000 - 0x00007ff92046b000 	C:\WINDOWS\System32\ucrtbase.dll
0x00007ff908bb0000 - 0x00007ff908bc6000 	C:\Program Files\Eclipse Adoptium\jdk-25.0.1.8-hotspot\bin\jli.dll
0x00007ff920e00000 - 0x00007ff920fc5000 	C:\WINDOWS\System32\USER32.dll
0x00007ff91f840000 - 0x00007ff91f867000 	C:\WINDOWS\System32\win32u.dll
0x00007ff922710000 - 0x00007ff92273b000 	C:\WINDOWS\System32\GDI32.dll
0x00007ff91f0f0000 - 0x00007ff91f21b000 	C:\WINDOWS\System32\gdi32full.dll
0x00007ff91f790000 - 0x00007ff91f833000 	C:\WINDOWS\System32\msvcp_win.dll
0x00007ff9013f0000 - 0x00007ff90140e000 	C:\Program Files\Eclipse Adoptium\jdk-25.0.1.8-hotspot\bin\VCRUNTIME140.dll
0x00007ff90dbf0000 - 0x00007ff90de83000 	C:\WINDOWS\WinSxS\amd64_microsoft.windows.common-controls_6595b64144ccf1df_6.0.26100.8037_none_3e092faae333b53b\COMCTL32.dll
0x00007ff9206b0000 - 0x00007ff920759000 	C:\WINDOWS\System32\msvcrt.dll
0x00007ff921540000 - 0x00007ff921571000 	C:\WINDOWS\System32\IMM32.DLL
0x00007ff914b50000 - 0x00007ff914b5c000 	C:\Program Files\Eclipse Adoptium\jdk-25.0.1.8-hotspot\bin\vcruntime140_1.dll
0x00007ff8eef80000 - 0x00007ff8ef00d000 	C:\Program Files\Eclipse Adoptium\jdk-25.0.1.8-hotspot\bin\msvcp140.dll
0x00007ff88a0d0000 - 0x00007ff88aff6000 	C:\Program Files\Eclipse Adoptium\jdk-25.0.1.8-hotspot\bin\server\jvm.dll
0x00007ff922650000 - 0x00007ff92270b000 	C:\WINDOWS\System32\ADVAPI32.dll
0x00007ff920c30000 - 0x00007ff920cd7000 	C:\WINDOWS\System32\sechost.dll
0x00007ff921910000 - 0x00007ff921a28000 	C:\WINDOWS\System32\RPCRT4.dll
0x00007ff920b50000 - 0x00007ff920bc4000 	C:\WINDOWS\System32\WS2_32.dll
0x00007ff91eee0000 - 0x00007ff91ef3e000 	C:\WINDOWS\SYSTEM32\POWRPROF.dll
0x00007ff918d90000 - 0x00007ff918dc5000 	C:\WINDOWS\SYSTEM32\WINMM.dll
0x00007ff918dd0000 - 0x00007ff918ddb000 	C:\WINDOWS\SYSTEM32\VERSION.dll
0x00007ff91eec0000 - 0x00007ff91eed4000 	C:\WINDOWS\SYSTEM32\UMPDC.dll
0x00007ff91ddc0000 - 0x00007ff91dddb000 	C:\WINDOWS\SYSTEM32\kernel.appcore.dll
0x00007ff913650000 - 0x00007ff91365a000 	C:\Program Files\Eclipse Adoptium\jdk-25.0.1.8-hotspot\bin\jimage.dll
0x00007ff9132c0000 - 0x00007ff913502000 	C:\WINDOWS\SYSTEM32\DBGHELP.DLL
0x00007ff921b30000 - 0x00007ff921eb2000 	C:\WINDOWS\System32\combase.dll
0x00007ff920fd0000 - 0x00007ff9210a7000 	C:\WINDOWS\System32\OLEAUT32.dll
0x00007ff907ab0000 - 0x00007ff907aeb000 	C:\WINDOWS\SYSTEM32\dbgcore.DLL
0x00007ff920470000 - 0x00007ff920515000 	C:\WINDOWS\System32\bcryptPrimitives.dll
0x00007ff900030000 - 0x00007ff90004e000 	C:\Program Files\Eclipse Adoptium\jdk-25.0.1.8-hotspot\bin\java.dll
0x00007ff9209b0000 - 0x00007ff920b45000 	C:\WINDOWS\System32\ole32.dll
0x00007ff921ee0000 - 0x00007ff92263f000 	C:\WINDOWS\System32\SHELL32.dll
0x00007ff91f220000 - 0x00007ff91f38a000 	C:\WINDOWS\System32\wintypes.dll
0x00007ff91f930000 - 0x00007ff920194000 	C:\WINDOWS\System32\windows.storage.dll
0x00007ff921a30000 - 0x00007ff921b27000 	C:\WINDOWS\System32\SHCORE.dll
0x00007ff920d90000 - 0x00007ff920df7000 	C:\WINDOWS\System32\shlwapi.dll
0x00007ff91ef80000 - 0x00007ff91efa9000 	C:\WINDOWS\SYSTEM32\profapi.dll
0x00007ff89bd40000 - 0x00007ff89bec0000 	C:\Program Files\Eclipse Adoptium\jdk-25.0.1.8-hotspot\bin\awt.dll
0x00007ff91ca50000 - 0x00007ff91caef000 	C:\WINDOWS\SYSTEM32\apphelp.dll
0x00007ff91cb50000 - 0x00007ff91cbfa000 	C:\WINDOWS\system32\uxtheme.dll
0x00007ff9215d0000 - 0x00007ff92172d000 	C:\WINDOWS\System32\MSCTF.dll
0x00007ff91ce10000 - 0x00007ff91ce3e000 	C:\WINDOWS\system32\DWMAPI.DLL
0x00007ff8eec10000 - 0x00007ff8eec97000 	C:\Program Files\Eclipse Adoptium\jdk-25.0.1.8-hotspot\bin\freetype.dll
0x00007ff8eaa70000 - 0x00007ff8eab5f000 	C:\Program Files\Eclipse Adoptium\jdk-25.0.1.8-hotspot\bin\fontmanager.dll
0x00007ff8b1280000 - 0x00007ff8b138e000 	C:\WINDOWS\system32\opengl32.dll
0x00007ff8ce070000 - 0x00007ff8ce09d000 	C:\WINDOWS\SYSTEM32\GLU32.dll
0x00007ff91cc50000 - 0x00007ff91cc93000 	C:\WINDOWS\SYSTEM32\dxcore.dll
0x00007ff91ef50000 - 0x00007ff91ef7a000 	C:\WINDOWS\SYSTEM32\bcrypt.dll
0x00007ff8ef340000 - 0x00007ff8ef351000 	C:\Program Files\Eclipse Adoptium\jdk-25.0.1.8-hotspot\bin\net.dll
0x00007ff91e330000 - 0x00007ff91e39b000 	C:\WINDOWS\system32\mswsock.dll
0x00007ff8ef320000 - 0x00007ff8ef336000 	C:\Program Files\Eclipse Adoptium\jdk-25.0.1.8-hotspot\bin\nio.dll
0x00007ff911330000 - 0x00007ff911339000 	C:\Program Files\Eclipse Adoptium\jdk-25.0.1.8-hotspot\bin\syslookup.dll
0x00007ff8ef300000 - 0x00007ff8ef317000 	C:\Program Files\Eclipse Adoptium\jdk-25.0.1.8-hotspot\bin\zip.dll
0x00007ff920760000 - 0x00007ff92080e000 	C:\WINDOWS\System32\clbcatq.dll
0x00007ff91aad0000 - 0x00007ff91acfd000 	C:\WINDOWS\SYSTEM32\WindowsCodecs.dll
0x00007ff8f6180000 - 0x00007ff8f61da000 	C:\WINDOWS\system32\dataexchange.dll
0x00007ff919700000 - 0x00007ff919944000 	C:\WINDOWS\system32\twinapi.appcore.dll
0x00007ff90e6d0000 - 0x00007ff90e818000 	C:\WINDOWS\SYSTEM32\textinputframework.dll
0x00007ff91c610000 - 0x00007ff91c737000 	C:\WINDOWS\SYSTEM32\CoreMessaging.dll
0x00007ff919180000 - 0x00007ff919462000 	C:\WINDOWS\SYSTEM32\CoreUIComponents.dll
0x00007ff91e7d0000 - 0x00007ff91e7dc000 	C:\WINDOWS\SYSTEM32\CRYPTBASE.DLL
0x00007ff9140b0000 - 0x00007ff914164000 	C:\WINDOWS\WinSxS\amd64_microsoft.windows.common-controls_6595b64144ccf1df_5.82.26100.8037_none_87ebc5097a2f9e52\comctl32.dll
0x00007ff90ea10000 - 0x00007ff90eac3000 	C:\WINDOWS\SYSTEM32\TextShaping.dll

JVMTI agents: none

dbghelp: loaded successfully - version: 4.0.5 - missing functions: none
symbol engine: initialized successfully - sym options: 0x614 - pdb path: .;C:\Program Files\Eclipse Adoptium\jdk-25.0.1.8-hotspot\bin;C:\WINDOWS\SYSTEM32;C:\WINDOWS\WinSxS\amd64_microsoft.windows.common-controls_6595b64144ccf1df_6.0.26100.8037_none_3e092faae333b53b;C:\Program Files\Eclipse Adoptium\jdk-25.0.1.8-hotspot\bin\server;C:\WINDOWS\System32\DriverStore\FileRepository\u0395561.inf_amd64_44c8a302e7c98b63\B395243;C:\WINDOWS\WinSxS\amd64_microsoft.windows.common-controls_6595b64144ccf1df_5.82.26100.8037_none_87ebc5097a2f9e52

VM Arguments:
java_command: App.AppGUI
java_class_path (initial): out
Launcher Type: SUN_STANDARD

[Global flags]
     intx CICompilerCount                          = 2                                         {product} {ergonomic}
     uint ConcGCThreads                            = 1                                         {product} {ergonomic}
     uint G1ConcRefinementThreads                  = 2                                         {product} {ergonomic}
   size_t G1HeapRegionSize                         = 2097152                                   {product} {ergonomic}
   size_t InitialHeapSize                          = 167772160                                 {product} {ergonomic}
   size_t MarkStackSize                            = 4194304                                   {product} {ergonomic}
   size_t MarkStackSizeMax                         = 536870912                                 {product} {ergonomic}
   size_t MaxHeapSize                              = 2652897280                                {product} {ergonomic}
   size_t MaxNewSize                               = 1591738368                                {product} {ergonomic}
   size_t MinHeapDeltaBytes                        = 2097152                                   {product} {ergonomic}
   size_t MinHeapSize                              = 8388608                                   {product} {ergonomic}
    uintx NonNMethodCodeHeapSize                   = 5767168                                {pd product} {ergonomic}
    uintx NonProfiledCodeHeapSize                  = 123011072                              {pd product} {ergonomic}
    uintx ProfiledCodeHeapSize                     = 122880000                              {pd product} {ergonomic}
    uintx ReservedCodeCacheSize                    = 251658240                              {pd product} {ergonomic}
     bool SegmentedCodeCache                       = true                                      {product} {ergonomic}
   size_t SoftMaxHeapSize                          = 2652897280                             {manageable} {ergonomic}
     bool UseCompressedOops                        = true                           {product lp64_product} {ergonomic}
     bool UseG1GC                                  = true                                      {product} {ergonomic}
     bool UseLargePagesIndividualAllocation        = false                                  {pd product} {ergonomic}

Logging:
Log output configuration:
 #0: stdout all=warning uptime,level,tags foldmultilines=false
 #1: stderr all=off uptime,level,tags foldmultilines=false

Release file:
IMPLEMENTOR="Eclipse Adoptium" 
IMPLEMENTOR_VERSION="Temurin-25.0.1+8" 
JAVA_RUNTIME_VERSION="25.0.1+8-LTS" 
JAVA_VERSION="25.0.1" 
JAVA_VERSION_DATE="2025-10-21" 
LIBC="default" 
MODULES="java.base java.compiler java.datatransfer java.xml java.prefs java.desktop java.instrument java.logging java.management java.security.sasl java.naming java.rmi java.management.rmi java.net.http java.scripting java.security.jgss java.transaction.xa java.sql java.sql.rowset java.xml.crypto java.se java.smartcardio jdk.accessibility jdk.internal.jvmstat jdk.attach jdk.charsets jdk.internal.opt jdk.zipfs jdk.compiler jdk.crypto.cryptoki jdk.crypto.ec jdk.crypto.mscapi jdk.dynalink jdk.internal.ed jdk.editpad jdk.internal.vm.ci jdk.graal.compiler jdk.graal.compiler.management jdk.hotspot.agent jdk.httpserver jdk.incubator.vector jdk.internal.le jdk.internal.md jdk.jartool jdk.javadoc jdk.jcmd jdk.management jdk.management.agent jdk.jconsole jdk.jdeps jdk.jdwp.agent jdk.jdi jdk.jfr jdk.jlink jdk.jpackage jdk.jshell jdk.jsobject jdk.jstatd jdk.localedata jdk.management.jfr jdk.naming.dns jdk.naming.rmi jdk.net jdk.nio.mapmode jdk.sctp jdk.security.auth jdk.security.jgss jdk.unsupported jdk.unsupported.desktop jdk.xml.dom" 
OS_ARCH="x86_64" 
OS_NAME="Windows" 
SOURCE=".:git:61d6a2c1b35e" 
BUILD_SOURCE="git:839fa0b45d809157cffd3dc8515aad262a4a1776"
BUILD_SOURCE_REPO="https://github.com/adoptium/temurin-build.git"
SOURCE_REPO="https://github.com/adoptium/jdk25u.git"
FULL_VERSION="25.0.1+8-LTS"
SEMANTIC_VERSION="25.0.1+8"
BUILD_INFO="OS: Windows Server 2022 Version: 10.0"
JVM_VARIANT="Hotspot"
JVM_VERSION="25.0.1+8-LTS"
IMAGE_TYPE="JDK"

Environment Variables:
JAVA_HOME=C:\Program Files\Java\jdk-25\bin
PATH=C:\Program Files\Eclipse Adoptium\jdk-25.0.1.8-hotspot\bin;C:\Program Files\Python314\Scripts\;C:\Program Files\Python314\;C:\Program Files\Common Files\Oracle\Java\javapath;C:\Program Files (x86)\Common Files\Oracle\Java\java8path;C:\Program Files (x86)\Common Files\Oracle\Java\javapath;C:\oraclexe\app\oracle\product\11.2.0\server\bin;C:\WINDOWS\system32;C:\WINDOWS;C:\WINDOWS\System32\Wbem;C:\WINDOWS\System32\WindowsPowerShell\v1.0\;C:\WINDOWS\System32\OpenSSH\;C:\Program Files\Microsoft SQL Server\150\Tools\Binn\;C:\Program Files\Microsoft SQL Server\Client SDK\ODBC\170\Tools\Binn\;C:\Program Files (x86)\Microsoft SQL Server\160\Tools\Binn\;C:\Program Files\Microsoft SQL Server\160\Tools\Binn\;C:\Program Files\Microsoft SQL Server\160\DTS\Binn\;C:\Program Files\Git\cmd;C:\Program Files\Microsoft SQL Server\170\DTS\Binn\;C:\Program Files\dotnet\;%JAVA_HOME%;C:\Users\Lenovo\AppData\Local\Microsoft\WindowsApps;C:\tools\Microsoft VS Code\bin;C:\Users\Lenovo\.dotnet\tools
USERNAME=Lenovo
OS=Windows_NT
PROCESSOR_IDENTIFIER=AMD64 Family 23 Model 24 Stepping 1, AuthenticAMD
TMP=C:\Users\Lenovo\AppData\Local\Temp
TEMP=C:\Users\Lenovo\AppData\Local\Temp




Compilation memory statistics disabled.

Periodic native trim disabled

---------------  S Y S T E M  ---------------

OS:
 Windows 11 , 64 bit Build 26100 (10.0.26100.7920)
OS uptime: 0 days 2:17 hours

CPU: total 2 (initial active 2) (2 cores per cpu, 1 threads per core) family 23 model 24 stepping 1 microcode 0x8108109, cx8, cmov, fxsr, mmx, 3dnowpref, sse, sse2, sse3, ssse3, sse4a, sse4.1, sse4.2, popcnt, lzcnt, tsc, tscinvbit, avx, avx2, aes, clmul, bmi1, bmi2, adx, sha, fma, vzeroupper, clflush, clflushopt, rdtscp, f16c
Processor Information for the first 2 processors :
  Max Mhz: 2300, Current Mhz: 2300, Mhz Limit: 2300

Memory: 4k page, system-wide physical 10116M (5306M free)
TotalPageFile size 15492M (AvailPageFile size 7489M)
current process WorkingSet (physical memory assigned to process): 263M, peak: 278M
current process commit charge ("private bytes"): 335M, peak: 374M

vm_info: OpenJDK 64-Bit Server VM (25.0.1+8-LTS) for windows-amd64 JRE (25.0.1+8-LTS), built on 2025-10-21T00:00:00Z with unknown MS VC++:1942

END.
